C51 COMPILER V7.50   MAIN                                                                  08/21/2018 20:43:52 PAGE 1   


C51 COMPILER V7.50, COMPILATION OF MODULE MAIN
OBJECT MODULE PLACED IN main.OBJ
COMPILER INVOKED BY: C:\Keil\C51\BIN\C51.EXE main.c BROWSE DEBUG OBJECTEXTEND

line level    source

   1          /*********************************************************************************************
   2          程序名： 　　 TM0中断程序
   3          编写人： 　　 Jaden
   4          编写时间：　　2018 年 08月 21日
   5          硬件支持：　　STC90C52  12MHz
   6          接口说明：　　  
   7          修改日志：　　
   8          　　NO.1-                                                               
   9          /*********************************************************************************************
  10          说明：
  11          
  12          /*********************************************************************************************/
  13          #include<reg52.h>
  14          #define uchar unsigned char
  15          #define uint unsigned int
  16          
  17          uint number;
  18          uchar LED_Number;
  19          
  20          void DELSY_MS(uint T);
  21          void init_TM0();
  22          void display_led(uchar number);
  23          
  24          uchar code LED_CODE[]={ 0x3f,0x06,0x5b,0x4f,
  25                                  0x66,0x6d,0x7d,0x07,
  26                                  0x7f,0x6f,0x77,0x7c,
  27                                  0x39,0x5e,0x79,0x71};
  28          /*********************************************************************************************
  29          函数名：毫秒级CPU延时函数
  30          调  用：DELAY_MS (?);
  31          参  数：1~65535（参数不可为0）
  32          返回值：无
  33          结  果：占用CPU方式延时与参数数值相同的毫秒时间
  34          备  注：应用于1T单片机时i<600，应用于12T单片机时i<125
  35          /*********************************************************************************************/
  36          void DELAY_MS(uint T)
  37          {
  38   1              uint i;
  39   1              while(T--!=0)
  40   1              {
  41   2                      for(i=0;i<500;i++);
  42   2              }
  43   1      }
  44          
  45          /*********************************************************************************************
  46          函数名  TM0中断初始化
  47          调  用：void init_TM0();
  48          参  数：无
  49          返回值：无
  50          结  果：
  51          备  注：
  52          /*********************************************************************************************/
  53          void init_TM0()
  54          {
  55   1              EA=1;
C51 COMPILER V7.50   MAIN                                                                  08/21/2018 20:43:52 PAGE 2   

  56   1              ET0=1;
  57   1              TMOD=0x01;
  58   1              TH0=65536-50000;
  59   1              TL0=65535-50000;
  60   1              TR0=1;
  61   1      
  62   1      }
  63          /*********************************************************************************************
  64          函数名：TM中断0入口函数
  65          调  用：void init_T0_interrupt() interrupt 1;
  66          参  数：无
  67          返回值：无
  68          结  果：
  69          备  注：
  70          /*********************************************************************************************/
  71          void init_T0_interrupt() interrupt 1
  72          {
  73   1              TH0=65536-50000;
  74   1              TL0=65535-50000;
  75   1              number++;
  76   1              if(number>50)
  77   1              {
  78   2                      number=0;
  79   2                      LED_Number++;
  80   2                      if(LED_Number>15)
  81   2                      {
  82   3                              LED_Number=0;
  83   3                      }
  84   2              }
  85   1      }
  86          /*********************************************************************************************
  87          函数名：数码管显示函数
  88          调  用：void display_led();
  89          参  数：无
  90          返回值：无
  91          结  果：
  92          备  注：
  93          /*********************************************************************************************/
  94          void display_led(uchar number)
  95          {
  96   1              P0= LED_CODE[number];           
  97   1      }
  98          
  99          /*********************************************************************************************
 100          函数名：主函数
 101          调  用：无
 102          参  数：无
 103          返回值：无
 104          结  果：程序开始处，无限循环
 105          备  注：
 106          /**********************************************************************************************/
 107          void main()
 108          {
 109   1              number=0;
 110   1              init_TM0();
 111   1              DELAY_MS(100);
 112   1              LED_Number=2;
 113   1              while(1)
 114   1              {
 115   2                      display_led(LED_Number);
 116   2              }
 117   1      }
C51 COMPILER V7.50   MAIN                                                                  08/21/2018 20:43:52 PAGE 3   



MODULE INFORMATION:   STATIC OVERLAYABLE
   CODE SIZE        =    128    ----
   CONSTANT SIZE    =     16    ----
   XDATA SIZE       =   ----    ----
   PDATA SIZE       =   ----    ----
   DATA SIZE        =      3    ----
   IDATA SIZE       =   ----    ----
   BIT SIZE         =   ----    ----
END OF MODULE INFORMATION.


C51 COMPILATION COMPLETE.  0 WARNING(S),  0 ERROR(S)
