C51 COMPILER V7.50   MAIN                                                                  08/21/2018 23:09:40 PAGE 1   


C51 COMPILER V7.50, COMPILATION OF MODULE MAIN
OBJECT MODULE PLACED IN main.OBJ
COMPILER INVOKED BY: C:\Keil\C51\BIN\C51.EXE main.c BROWSE DEBUG OBJECTEXTEND

line level    source

   1          /*********************************************************************************************
   2          程序名： 　　 51串口测试
   3          编写人： 　　 Jaden
   4          编写时间：　　2018 年 08月 21日
   5          硬件支持：　　STC90C52  12MHz
   6          接口说明：　　  
   7          修改日志：　　
   8          　　NO.1-                                                               
   9          /*********************************************************************************************
  10          说明：
  11          
  12          /*********************************************************************************************/
  13          
  14          #include<reg52.h>
  15          #define uint unsigned int 
  16          #define uchar unsigned char
  17          
  18          void DELAY_MS(uint T);
  19          void LED_Display(uchar number);
  20          void init_serial();
  21          uchar number;
  22          uchar KEY;
  23          
  24          sbit key_1=P1^0;
  25          sbit key_2=P1^1;
  26          sbit key_3=P1^2;
  27          uchar code LED_CODE[]={ 0x3f,0x06,0x5b,0x4f,
  28                                  0x66,0x6d,0x7d,0x07,
  29                                  0x7f,0x6f,0x77,0x7c,
  30                                  0x39,0x5e,0x79,0x71
  31                                                    };
  32          
  33          /*********************************************************************************************
  34          函数名：毫秒级CPU延时函数
  35          调  用：DELAY_MS (?);
  36          参  数：1~65535（参数不可为0）
  37          返回值：无
  38          结  果：占用CPU方式延时与参数数值相同的毫秒时间
  39          备  注：应用于1T单片机时i<600，应用于12T单片机时i<125
  40          /*********************************************************************************************/
  41          void DELAY_MS(uint T)
  42          {
  43   1              uint i;
  44   1              while(T--!=0)
  45   1              {
  46   2                      for(i=0;i<600;i++);
  47   2              }
  48   1      }
  49          
  50          /*********************************************************************************************
  51          函数名：LED灯显示函数
  52          调  用：LED_Display(uchar number)
  53          参  数：无
  54          返回值：无
  55          结  果：
C51 COMPILER V7.50   MAIN                                                                  08/21/2018 23:09:40 PAGE 2   

  56          备  注：
  57          /**********************************************************************************************/
  58          void LED_Display(uchar number)
  59          {
  60   1              P0=LED_CODE[number];
  61   1      }
  62          /*********************************************************************************************
  63          函数名：串口初始化函数
  64          调  用：init_Serial()；
  65          参  数：无
  66          返回值：无
  67          结  果：
  68          备  注：
  69          /**********************************************************************************************/
  70          void init_Serial()
  71          {
  72   1              TMOD=0x20;
  73   1              TH1=0xfd;
  74   1              TL1=0xf9;
  75   1              TR1=1;
  76   1              SM0=0;
  77   1              SM1=1;
  78   1              SM2=0;
  79   1              REN=1;
  80   1              RI=0;
  81   1              EA=1;
  82   1              ES=1;
  83   1      }
  84          /*********************************************************************************************
  85          函数名：串口中断入口函数
  86          调  用：无
  87          参  数：无
  88          返回值：无
  89          结  果：
  90          备  注：
  91          /**********************************************************************************************/
  92          void Serial_interrupt() interrupt 4
  93          {
  94   1              KEY=SBUF;
  95   1              RI=0;
  96   1              number=KEY;
  97   1              
  98   1      }
  99          /*********************************************************************************************
 100          函数名：主函数
 101          调  用：无
 102          参  数：无
 103          返回值：无
 104          结  果：程序开始处，无限循环
 105          备  注：
 106          /**********************************************************************************************/
 107          void main()
 108          {
 109   1              init_Serial();
 110   1              while(1)
 111   1              {
 112   2                      DELAY_MS(10);
 113   2                      LED_Display(number);
 114   2                      if(key_1==0)
 115   2                      {
 116   3                              DELAY_MS(10);
 117   3                              if(key_1==0);
C51 COMPILER V7.50   MAIN                                                                  08/21/2018 23:09:40 PAGE 3   

 118   3                              {
 119   4      
 120   4                                      SBUF=1;
 121   4                                      while(!TI);
 122   4                              TI = 0;
 123   4                              }
 124   3                      }
 125   2                      if(key_2==0)
 126   2                      {
 127   3                              DELAY_MS(10);
 128   3                              if(key_2==0);
 129   3                              {
 130   4      
 131   4                                      SBUF=2;
 132   4                                      while(!TI);
 133   4                              TI = 0;
 134   4                              }
 135   3                      }
 136   2                      if(key_3==0)
 137   2                      {
 138   3                              DELAY_MS(10);
 139   3                              if(key_3==0);
 140   3                              {
 141   4      
 142   4                                      SBUF=3;
 143   4                                      while(!TI);
 144   4                              TI = 0;
 145   4                              }
 146   3                      }
 147   2              }
 148   1      }


MODULE INFORMATION:   STATIC OVERLAYABLE
   CODE SIZE        =    132    ----
   CONSTANT SIZE    =     16    ----
   XDATA SIZE       =   ----    ----
   PDATA SIZE       =   ----    ----
   DATA SIZE        =      2    ----
   IDATA SIZE       =   ----    ----
   BIT SIZE         =   ----    ----
END OF MODULE INFORMATION.


C51 COMPILATION COMPLETE.  0 WARNING(S),  0 ERROR(S)
