C51 COMPILER V7.50   MAIN                                                                  08/16/2018 20:48:49 PAGE 1   


C51 COMPILER V7.50, COMPILATION OF MODULE MAIN
OBJECT MODULE PLACED IN main.OBJ
COMPILER INVOKED BY: C:\Keil\C51\BIN\C51.EXE main.c BROWSE DEBUG OBJECTEXTEND

line level    source

   1          /*********************************************************************************************
   2          程序名： 　　 LED流水灯展示
   3          编写人： 　　 Jaden
   4          编写时间：　　2018 年 08月 16日
   5          硬件支持：　　STC90C52  12MHz
   6          接口说明：　　  
   7          修改日志：　　
   8          　　NO.1-                                                               
   9          /*********************************************************************************************
  10          说明：
  11          
  12          /*********************************************************************************************/
  13          
  14          #include<reg52.h>  //通用89C52头文件
  15          #define uint unsigned int 
  16          #define uchar unsigned char
  17          
  18          
  19          /*********************************************************************************************
  20          函数名：毫秒级CPU延时函数
  21          调  用：DELAY_MS (?);
  22          参  数：1~65535（参数不可为0）
  23          返回值：无
  24          结  果：占用CPU方式延时与参数数值相同的毫秒时间
  25          备  注：应用于1T单片机时i<600，应用于12T单片机时i<125
  26          /*********************************************************************************************/
  27          
  28          void DELAY_MS(uint a)
  29          {
  30   1              uint i;
  31   1              while(a--!=0)
  32   1              {
  33   2                      for(i=0;i<600;i++);
  34   2              }       
  35   1      }
  36          
  37          /*********************************************************************************************
  38          函数名：主函数
  39          调  用：无
  40          参  数：无
  41          返回值：无
  42          结  果：程序开始处，无限循环
  43          备  注：
  44          /**********************************************************************************************/
  45          
  46          void main(void)
  47          {
  48   1              uchar cnt =0;
  49   1              P0=0x00;
  50   1              while(1)
  51   1              {
  52   2                      for(;cnt<8;cnt++)
  53   2                      {
  54   3                              P0=(0x01<<cnt);
  55   3                              DELAY_MS(100);
C51 COMPILER V7.50   MAIN                                                                  08/16/2018 20:48:49 PAGE 2   

  56   3                      }
  57   2                      cnt=0;
  58   2                      for(;cnt<8;cnt++)
  59   2                      {
  60   3                              P0=(0x01<<cnt);
  61   3                              DELAY_MS(100);
  62   3                      }
  63   2                      cnt=0;
  64   2      
  65   2                      
  66   2              }
  67   1      
  68   1      }


MODULE INFORMATION:   STATIC OVERLAYABLE
   CODE SIZE        =     87    ----
   CONSTANT SIZE    =   ----    ----
   XDATA SIZE       =   ----    ----
   PDATA SIZE       =   ----    ----
   DATA SIZE        =   ----    ----
   IDATA SIZE       =   ----    ----
   BIT SIZE         =   ----    ----
END OF MODULE INFORMATION.


C51 COMPILATION COMPLETE.  0 WARNING(S),  0 ERROR(S)
