C51 COMPILER V7.50   MAIN                                                                  08/20/2018 23:31:12 PAGE 1   


C51 COMPILER V7.50, COMPILATION OF MODULE MAIN
OBJECT MODULE PLACED IN main.OBJ
COMPILER INVOKED BY: C:\Keil\C51\BIN\C51.EXE main.c BROWSE DEBUG OBJECTEXTEND

line level    source

   1          /*********************************************************************************************
   2          程序名： 　　 LED流水灯展示
   3          编写人： 　　 Jaden
   4          编写时间：　　2018 年 08月 16日
   5          硬件支持：　　STC90C52  12MHz
   6          接口说明：　　  
   7          修改日志：　　
   8          　　NO.1-                                                               
   9          /*********************************************************************************************
  10          说明：
  11          
  12          /*********************************************************************************************/
  13          #include <reg52.h>
  14          #define uint unsigned int 
  15          #define uchar unsigned char
  16          
  17          void DELAY_MS(uint t);
  18          uint keyscan();
  19          void leddisplay(uchar key_number);
  20          
  21          uint number;
  22          
  23          uchar code seg_table[]={0x3f,0x06,0x5b,0x4f,
  24                                  0x66,0x6d,0x7d,0x07,
  25                                  0x7f,0x6f,0x77,0x7c,
  26                                  0x39,0x5e,0x79,0x71};
  27          
  28          /*********************************************************************************************
  29          函数名：毫秒级CPU延时函数
  30          调  用：void leddisplay();
  31          参  数：无
  32          返回值：无
  33          结  果：
  34          备  注：
  35          /*********************************************************************************************/
  36          void leddisplay(uchar key_number)
  37          {
  38   1              P0=seg_table[key_number];
  39   1      }
  40          
  41          
  42          /*********************************************************************************************
  43          函数名：按键处理函数
  44          调  用：uint keyscane();
  45          参  数：无
  46          返回值：按键代码
  47          结  果：
  48          备  注：
  49          /*********************************************************************************************/
  50          uint keyscane()
  51          {
  52   1              uchar key_1,key_2,b,d;
  53   1              P2=0x0f;
  54   1              key_1=P2;
  55   1      
C51 COMPILER V7.50   MAIN                                                                  08/20/2018 23:31:12 PAGE 2   

  56   1              if((key_1!=0x0f))
  57   1              {       
  58   2                      DELAY_MS(10);
  59   2                      key_1=P2;
  60   2                      if(key_1!=0x0f)
  61   2                      {
  62   3                              P2=0xf0;
  63   3                              key_2=P2;
  64   3                              d=key_1|key_2;
  65   3                              switch(d)
  66   3                              {
  67   4      
  68   4                                 case 0xee: b = 1; break;
  69   4                                 case 0xed: b = 2; break;
  70   4                                 case 0xeb: b = 3; break;
  71   4                                 case 0xe7: b = 4; break;
  72   4                                 case 0xde: b = 5; break;
  73   4                                 case 0xdd: b = 6; break;
  74   4                                 case 0xdb: b = 7; break;
  75   4                                 case 0xd7: b = 8; break;
  76   4                                 case 0xbe: b = 9; break;
  77   4                                 case 0xbd: b = 10; break;
  78   4                                 case 0xbb: b = 11; break;
  79   4                                 case 0xb7: b = 12; break;
  80   4                                 case 0x7e: b = 13; break;
  81   4                                 case 0x7d: b = 14; break;
  82   4                                 case 0x7b: b = 15; break;
  83   4                                 case 0x77: b = 16; break;
  84   4                                 default:   b = 0 ; break;
  85   4                              }       
  86   3                      
  87   3                              
  88   3                      }
  89   2                      return(b);
  90   2                      
  91   2              }
  92   1              
  93   1      }
  94          
  95          
  96          /*********************************************************************************************
  97          函数名：毫秒级CPU延时函数
  98          调  用：DELAY_MS (?);
  99          参  数：1~65535（参数不可为0）
 100          返回值：无
 101          结  果：占用CPU方式延时与参数数值相同的毫秒时间
 102          备  注：应用于1T单片机时i<600，应用于12T单片机时i<125
 103          /*********************************************************************************************/
 104          void DELAY_MS(uint t)
 105          {
 106   1      
 107   1              uint i;
 108   1              while(t--!=0)
 109   1              {
 110   2                      for(i=600;i>0;i--);
 111   2              }
 112   1      }
 113          
 114          /*********************************************************************************************
 115          函数名：主函数
 116          调  用：无
 117          参  数：无
C51 COMPILER V7.50   MAIN                                                                  08/20/2018 23:31:12 PAGE 3   

 118          返回值：无
 119          结  果：程序开始处，无限循环
 120          备  注：
 121          /**********************************************************************************************/
 122          void main()
 123          {
 124   1      
 125   1              while(1)
 126   1              {
 127   2                      number=keyscane();      
 128   2                      leddisplay(number);
 129   2              }
 130   1      }


MODULE INFORMATION:   STATIC OVERLAYABLE
   CODE SIZE        =    231    ----
   CONSTANT SIZE    =     16    ----
   XDATA SIZE       =   ----    ----
   PDATA SIZE       =   ----    ----
   DATA SIZE        =      2       1
   IDATA SIZE       =   ----    ----
   BIT SIZE         =   ----    ----
END OF MODULE INFORMATION.


C51 COMPILATION COMPLETE.  0 WARNING(S),  0 ERROR(S)
